[www.contentondemand.in/index.html]
[static.klaviyo.com/onsite/js/klaviyoffbc.js]
[backblue.gif]
[fade.gif]
[index.html]
[framerusercontent.com/images/Y2nkUJnUoDIijWOYiZm3HCZPxEc.png]
[framerusercontent.com/images/a39uYUEcAVYOeKQnitCkOvz5bU.gif]
[framerusercontent.com/images/VvxqhZHXBMHPjlDaGyE7XC0YQ.png]
[framerusercontent.com/images/ZHxf7SsEMXnI8mG5N92ddbspNQU.png]
[framerusercontent.com/images/tSVS1bZ5MxwOam4ZstwYG5VsF3I.png]
[framerusercontent.com/images/FnzuLX9I61JTwAqh0xnWRxph0VA.png]
[framerusercontent.com/images/xz879B00VtTfuQ569QxjvhSds.png]
[framerusercontent.com/images/NIEz658HcNaqCiXQM1gQoHoTY0.png]
[framerusercontent.com/images/kkqMYLbgKpHTz1CyzFJn6qQdC2c.png]
[framerusercontent.com/images/8oGbgOorzY8msOGBYZ1p76lRfc.png]
[framerusercontent.com/images/Sk4Oq9h8zoBjvlGwt3gTL9UqX2I17f5.png]
[framerusercontent.com/images/slAV6gncKID6GKlvUe95g8ksEk17f5.png]
[framerusercontent.com/images/YfbxUD4vSZ0sxUWtqAHfkxtkzI.png]
[framerusercontent.com/images/Fk4O4ZoHNHMnIjcy6FS3hsYxkPs.png]
[framerusercontent.com/images/3OrthWRmXUzqTF7scrMbkYoRvCs.png]
[framerusercontent.com/images/lPiKr3oMx99qK9cnqkjdclYb6I.png]
[framerusercontent.com/images/HULckHwjbB7R2mWh84qAYYAktpo.png]
[framerusercontent.com/images/7LwfI94F5XPRHflqvqgPkm2Iss.png]
[framerusercontent.com/images/2Xjo12PvbZaXhaIuXFxps8G8RXc.png]
[www.contentondemand.in/terms-of-use.html]
[www.contentondemand.in/privacy-poilcy.html]
[www.contentondemand.in/index.html]
[www.contentondemand.in/[object Object].html]
[www.contentondemand.in/refund-policy.html]
[framerusercontent.com/images/y7dtUqn2xh7uH0bX5iYOLWU3CM.jpg]
[www.contentondemand.in/terms-of-use.html]
[www.contentondemand.in/privacy-poilcy.html]
[www.contentondemand.in/refund-policy.html]
